
> botosafe@0.1.0 build
> next build

   Γû▓ Next.js 15.5.6
   - Environments: .env.local
   - Experiments (use with caution):
     Γ£ô optimizeCss
     ┬╖ largePageDataBytes: 256000

   Creating an optimized production build ...
node.exe :  ΓÜá Compiled with warnings in 20.1s
At line:1 char:1
+ & "C:\Program Files\nodejs/node.exe" "C:\Program Files\nodejs/node_mo ...
+ ~~~~~~~~~~~~~~~~~~~~~~~~~~~~~~~~~~~~~~~~~~~~~~~~~~~~~~~~~~~~~~~~~~~~~
    + CategoryInfo          : NotSpecified: ( ΓÜá Compiled with warnings in 20.1s:String) [],  
   RemoteException
    + FullyQualifiedErrorId : NativeCommandError
 

./node_modules/@vladmandic/face-api/dist/face-api.esm.js
Critical dependency: require function is used in a way in which dependencies cannot be 
statically extracted

Import trace for requested module:
./node_modules/@vladmandic/face-api/dist/face-api.esm.js
./src/lib/face-models/FaceModelManager.ts
./src/app/face-scan/page.tsx

./node_modules/@vladmandic/face-api/dist/face-api.esm.js
Critical dependency: require function is used in a way in which dependencies cannot be 
statically extracted

Import trace for requested module:
./node_modules/@vladmandic/face-api/dist/face-api.esm.js
./src/lib/face-models/FaceModelManager.ts
./src/app/face-scan/page.tsx

   Linting and checking validity of types ...

Failed to compile.

./pages/api/admin/import-students.ts
108:14  Warning: 'error' is defined but never used.  @typescript-eslint/no-unused-vars

./pages/api/admins/index.ts
25:14  Warning: 'error' is defined but never used.  @typescript-eslint/no-unused-vars

./pages/api/admins/me.ts
23:14  Warning: 'err' is defined but never used.  @typescript-eslint/no-unused-vars

./pages/api/admins/settings.ts
17:12  Warning: 'err' is defined but never used.  @typescript-eslint/no-unused-vars

./pages/api/admins/[id].ts
30:14  Warning: 'err' is defined but never used.  @typescript-eslint/no-unused-vars

./pages/api/candidates/approved.ts
12:11  Warning: 'Candidate' is defined but never used.  @typescript-eslint/no-unused-vars
49:11  Warning: 'SupabaseCandidateRow' is defined but never used.  
@typescript-eslint/no-unused-vars

./pages/api/candidates/index.ts
15:11  Warning: 'Candidate' is defined but never used.  @typescript-eslint/no-unused-vars
79:12  Warning: 'error' is defined but never used.  @typescript-eslint/no-unused-vars
325:49  Warning: '_files' is defined but never used.  @typescript-eslint/no-unused-vars
365:18  Warning: 'jwtError' is defined but never used.  @typescript-eslint/no-unused-vars

./pages/api/dashboard/summary.ts
13:11  Warning: 'CourseVotersRow' is defined but never used.  @typescript-eslint/no-unused-vars
19:11  Warning: 'CourseTurnoutRow' is defined but never used.  
@typescript-eslint/no-unused-vars

./pages/api/forgot-password.ts
19:33  Warning: 'userError' is assigned a value but never used.  
@typescript-eslint/no-unused-vars

./pages/api/login.ts
6:10  Warning: 'supabaseAdmin' is defined but never used.  @typescript-eslint/no-unused-vars
7:10  Warning: 'signUpWithEmail' is defined but never used.  @typescript-eslint/no-unused-vars
7:27  Warning: 'signInWithEmail' is defined but never used.  @typescript-eslint/no-unused-vars
181:36  Error: Unexpected any. Specify a different type.  @typescript-eslint/no-explicit-any

./pages/api/register-face.ts
13:10  Warning: 'cosineSimilarity' is defined but never used.  
@typescript-eslint/no-unused-vars
67:19  Warning: 'faceData' is assigned a value but never used.  
@typescript-eslint/no-unused-vars

./pages/api/results.ts
5:11  Warning: 'ElectionRow' is defined but never used.  @typescript-eslint/no-unused-vars
13:11  Warning: 'CandidateRow' is defined but never used.  @typescript-eslint/no-unused-vars
20:11  Warning: 'VoteRow' is defined but never used.  @typescript-eslint/no-unused-vars

./pages/api/selection/complete-admin.ts
4:10  Warning: 'serialize' is defined but never used.  @typescript-eslint/no-unused-vars
23:18  Error: Unexpected any. Specify a different type.  @typescript-eslint/no-explicit-any
26:14  Warning: 'err' is defined but never used.  @typescript-eslint/no-unused-vars
69:36  Error: Unexpected any. Specify a different type.  @typescript-eslint/no-explicit-any

./pages/api/selection/preauth-voter.ts
23:18  Error: Unexpected any. Specify a different type.  @typescript-eslint/no-explicit-any
26:14  Warning: 'err' is defined but never used.  @typescript-eslint/no-unused-vars

./pages/api/send-otp.ts
7:11  Warning: 'UserRow' is defined but never used.  @typescript-eslint/no-unused-vars
73:26  Error: Unexpected any. Specify a different type.  @typescript-eslint/no-explicit-any

./pages/api/setup-admin.ts
5:11  Warning: 'UserRow' is defined but never used.  @typescript-eslint/no-unused-vars

./pages/api/signin.ts
5:11  Warning: 'UserRow' is defined but never used.  @typescript-eslint/no-unused-vars

./pages/api/tally/contain.ts
4:11  Warning: 'VoteRow' is defined but never used.  @typescript-eslint/no-unused-vars
57:43  Error: Unexpected any. Specify a different type.  @typescript-eslint/no-explicit-any

./pages/api/test-supabase.ts
26:19  Warning: 'userData' is assigned a value but never used.  
@typescript-eslint/no-unused-vars

./pages/api/users/me.ts
4:8  Warning: 'bcrypt' is defined but never used.  @typescript-eslint/no-unused-vars
6:10  Warning: 'User' is defined but never used.  @typescript-eslint/no-unused-vars

./pages/api/verify-face.ts
4:13  Warning: 'faceapi' is defined but never used.  @typescript-eslint/no-unused-vars
6:11  Warning: 'FaceRow' is defined but never used.  @typescript-eslint/no-unused-vars
12:11  Warning: 'UserRow' is defined but never used.  @typescript-eslint/no-unused-vars
141:38  Error: Unexpected any. Specify a different type.  @typescript-eslint/no-explicit-any

./pages/api/verify-otp.ts
23:11  Warning: 'OtpRow' is defined but never used.  @typescript-eslint/no-unused-vars
30:11  Warning: 'UserRow' is defined but never used.  @typescript-eslint/no-unused-vars
133:36  Error: Unexpected any. Specify a different type.  @typescript-eslint/no-explicit-any

./pages/api/vote/verify-face.ts
4:13  Warning: 'faceapi' is defined but never used.  @typescript-eslint/no-unused-vars
12:11  Warning: 'FaceRow' is defined but never used.  @typescript-eslint/no-unused-vars
17:11  Warning: 'UserRow' is defined but never used.  @typescript-eslint/no-unused-vars
253:36  Error: Unexpected any. Specify a different type.  @typescript-eslint/no-explicit-any
270:5  Warning: Unused eslint-disable directive (no problems were reported from 'no-console').

./pages/api/vote.ts
55:14  Warning: 'err' is defined but never used.  @typescript-eslint/no-unused-vars
74:19  Warning: 'vote' is assigned a value but never used.  @typescript-eslint/no-unused-vars

./src/app/admin/candidates/page.tsx
155:18  Warning: 'parseError' is defined but never used.  @typescript-eslint/no-unused-vars

./src/app/admin/profile/edit/page.tsx
80:16  Warning: 'err' is defined but never used.  @typescript-eslint/no-unused-vars

./src/app/admin/profile/page.tsx
69:16  Warning: 'err' is defined but never used.  @typescript-eslint/no-unused-vars

./src/app/face-scan/FaceScanPage.tsx
5:18  Warning: 'tf' is defined but never used.  @typescript-eslint/no-unused-vars

./src/app/face-scan/page-original.tsx
5:18  Warning: 'tf' is defined but never used.  @typescript-eslint/no-unused-vars

./src/app/face-scan/page.tsx
5:13  Warning: 'tf' is defined but never used.  @typescript-eslint/no-unused-vars

./src/app/page.tsx
71:16  Warning: 'err' is defined but never used.  @typescript-eslint/no-unused-vars

./src/app/pages/candidates/page.tsx
8:8  Warning: 'Link' is defined but never used.  @typescript-eslint/no-unused-vars
140:20  Warning: 'decodeError' is defined but never used.  @typescript-eslint/no-unused-vars
162:16  Warning: 'error' is defined but never used.  @typescript-eslint/no-unused-vars

./src/app/pages/dashboard/page.tsx
107:20  Warning: 'decodeError' is defined but never used.  @typescript-eslint/no-unused-vars
134:16  Warning: 'err' is defined but never used.  @typescript-eslint/no-unused-vars

./src/app/pages/profile/page.tsx
7:8  Warning: 'Footer' is defined but never used.  @typescript-eslint/no-unused-vars
76:10  Warning: 'isEditProfileOpen' is assigned a value but never used.  
@typescript-eslint/no-unused-vars
76:29  Warning: 'setIsEditProfileOpen' is assigned a value but never used.  
@typescript-eslint/no-unused-vars
77:10  Warning: 'profileSuccessMessage' is assigned a value but never used.  
@typescript-eslint/no-unused-vars
77:33  Warning: 'setProfileSuccessMessage' is assigned a value but never used.  
@typescript-eslint/no-unused-vars
80:10  Warning: 'isChangePasswordOpen' is assigned a value but never used.  
@typescript-eslint/no-unused-vars
80:32  Warning: 'setIsChangePasswordOpen' is assigned a value but never used.  
@typescript-eslint/no-unused-vars
82:10  Warning: 'cpCurrent' is assigned a value but never used.  
@typescript-eslint/no-unused-vars
82:21  Warning: 'setCpCurrent' is assigned a value but never used.  
@typescript-eslint/no-unused-vars
83:10  Warning: 'cpNew' is assigned a value but never used.  @typescript-eslint/no-unused-vars
83:17  Warning: 'setCpNew' is assigned a value but never used.  
@typescript-eslint/no-unused-vars
84:10  Warning: 'cpConfirm' is assigned a value but never used.  
@typescript-eslint/no-unused-vars
84:21  Warning: 'setCpConfirm' is assigned a value but never used.  
@typescript-eslint/no-unused-vars
85:10  Warning: 'cpLoading' is assigned a value but never used.  
@typescript-eslint/no-unused-vars
85:21  Warning: 'setCpLoading' is assigned a value but never used.  
@typescript-eslint/no-unused-vars
86:10  Warning: 'cpError' is assigned a value but never used.  
@typescript-eslint/no-unused-vars
86:19  Warning: 'setCpError' is assigned a value but never used.  
@typescript-eslint/no-unused-vars
89:10  Warning: 'isFilingModalOpen' is assigned a value but never used.  
@typescript-eslint/no-unused-vars
89:29  Warning: 'setIsFilingModalOpen' is assigned a value but never used.  
@typescript-eslint/no-unused-vars
90:10  Warning: 'latestElection' is assigned a value but never used.  
@typescript-eslint/no-unused-vars
90:26  Warning: 'setLatestElection' is assigned a value but never used.  
@typescript-eslint/no-unused-vars
91:9  Warning: 'modalRef' is assigned a value but never used.  
@typescript-eslint/no-unused-vars
92:10  Warning: 'formError' is assigned a value but never used.  
@typescript-eslint/no-unused-vars
92:21  Warning: 'setFormError' is assigned a value but never used.  
@typescript-eslint/no-unused-vars
93:10  Warning: 'selectedPositionId' is assigned a value but never used.  
@typescript-eslint/no-unused-vars
93:30  Warning: 'setSelectedPositionId' is assigned a value but never used.  
@typescript-eslint/no-unused-vars
94:10  Warning: 'positions' is assigned a value but never used.  
@typescript-eslint/no-unused-vars
94:21  Warning: 'setPositions' is assigned a value but never used.  
@typescript-eslint/no-unused-vars
95:10  Warning: 'achievements' is assigned a value but never used.  
@typescript-eslint/no-unused-vars
95:24  Warning: 'setAchievements' is assigned a value but never used.  
@typescript-eslint/no-unused-vars
96:10  Warning: 'partylist' is assigned a value but never used.  
@typescript-eslint/no-unused-vars
96:21  Warning: 'setPartylist' is assigned a value but never used.  
@typescript-eslint/no-unused-vars
97:10  Warning: 'photoUrl' is assigned a value but never used.  
@typescript-eslint/no-unused-vars
97:20  Warning: 'setPhotoUrl' is assigned a value but never used.  
@typescript-eslint/no-unused-vars
98:10  Warning: 'photoFile' is assigned a value but never used.  
@typescript-eslint/no-unused-vars
98:21  Warning: 'setPhotoFile' is assigned a value but never used.  
@typescript-eslint/no-unused-vars
99:10  Warning: 'cocUrl' is assigned a value but never used.  @typescript-eslint/no-unused-vars
99:18  Warning: 'setCocUrl' is assigned a value but never used.  
@typescript-eslint/no-unused-vars
100:10  Warning: 'cocFile' is assigned a value but never used.  
@typescript-eslint/no-unused-vars
100:19  Warning: 'setCocFile' is assigned a value but never used.  
@typescript-eslint/no-unused-vars
101:10  Warning: 'showHelpModal' is assigned a value but never used.  
@typescript-eslint/no-unused-vars
101:25  Warning: 'setShowHelpModal' is assigned a value but never used.  
@typescript-eslint/no-unused-vars
104:10  Warning: 'editingCandidateId' is assigned a value but never used.  
@typescript-eslint/no-unused-vars
104:30  Warning: 'setEditingCandidateId' is assigned a value but never used.  
@typescript-eslint/no-unused-vars
107:10  Warning: 'originalCandidateSnapshot' is assigned a value but never used.  
@typescript-eslint/no-unused-vars
107:37  Warning: 'setOriginalCandidateSnapshot' is assigned a value but never used.  
@typescript-eslint/no-unused-vars
166:20  Warning: 'decodeError' is defined but never used.  @typescript-eslint/no-unused-vars
797:10  Warning: 'ProfileField' is defined but never used.  @typescript-eslint/no-unused-vars

./src/app/pages/vote/page.tsx
85:18  Warning: 'decodeError' is defined but never used.  @typescript-eslint/no-unused-vars
160:20  Warning: 'decodeError' is defined but never used.  @typescript-eslint/no-unused-vars
312:9  Warning: 'handleOpenModal' is assigned a value but never used.  
@typescript-eslint/no-unused-vars
366:16  Warning: 'decodeError' is defined but never used.  @typescript-eslint/no-unused-vars
429:9  Warning: 'hasElectionStarted' is assigned a value but never used.  
@typescript-eslint/no-unused-vars

./src/app/signin/face-register/FaceRegistrationPage.tsx
36:9  Warning: 'router' is assigned a value but never used.  @typescript-eslint/no-unused-vars
63:9  Warning: 'MAR_THRESHOLD' is assigned a value but never used.  
@typescript-eslint/no-unused-vars
191:9  Warning: 'mouthAspectRatio' is assigned a value but never used.  
@typescript-eslint/no-unused-vars

./src/app/signin/face-register/page-original.tsx
5:18  Warning: 'tf' is defined but never used.  @typescript-eslint/no-unused-vars
37:9  Warning: 'router' is assigned a value but never used.  @typescript-eslint/no-unused-vars
64:9  Warning: 'MAR_THRESHOLD' is assigned a value but never used.  
@typescript-eslint/no-unused-vars
188:9  Warning: 'mouthAspectRatio' is assigned a value but never used.  
@typescript-eslint/no-unused-vars
338:5  Warning: React Hook useCallback has missing dependencies: 'addErrorMessage' and 
'setSuccessMsg'. Either include them or remove the dependency array.  
react-hooks/exhaustive-deps
529:6  Warning: React Hook useEffect has a missing dependency: 'addErrorMessage'. Either 
include it or remove the dependency array.  react-hooks/exhaustive-deps

./src/app/signin/face-register/page.tsx
38:9  Warning: 'router' is assigned a value but never used.  @typescript-eslint/no-unused-vars
65:9  Warning: 'MAR_THRESHOLD' is assigned a value but never used.  
@typescript-eslint/no-unused-vars
189:9  Warning: 'mouthAspectRatio' is assigned a value but never used.  
@typescript-eslint/no-unused-vars
339:5  Warning: React Hook useCallback has missing dependencies: 'addErrorMessage' and 
'setSuccessMsg'. Either include them or remove the dependency array.  
react-hooks/exhaustive-deps
536:6  Warning: React Hook useEffect has a missing dependency: 'addErrorMessage'. Either 
include it or remove the dependency array.  react-hooks/exhaustive-deps

./src/app/signin/face-scan/FaceScanSigninPage.tsx
36:9  Warning: 'router' is assigned a value but never used.  @typescript-eslint/no-unused-vars
52:10  Warning: 'detectionRunning' is assigned a value but never used.  
@typescript-eslint/no-unused-vars
574:30  Warning: The ref value 'videoRef.current' will likely have changed by the time this 
effect cleanup function runs. If this ref points to a node rendered by React, copy 
'videoRef.current' to a variable inside the effect, and use that variable in the cleanup 
function.  react-hooks/exhaustive-deps

./src/app/signin/face-scan/page-original.tsx
5:18  Warning: 'tf' is defined but never used.  @typescript-eslint/no-unused-vars
37:9  Warning: 'router' is assigned a value but never used.  @typescript-eslint/no-unused-vars
53:10  Warning: 'detectionRunning' is assigned a value but never used.  
@typescript-eslint/no-unused-vars
357:5  Warning: React Hook useCallback has missing dependencies: 'addErrorMessage', 
'resetCheck', and 'setSuccessMsg'. Either include them or remove the dependency array.  
react-hooks/exhaustive-deps
571:30  Warning: The ref value 'videoRef.current' will likely have changed by the time this 
effect cleanup function runs. If this ref points to a node rendered by React, copy 
'videoRef.current' to a variable inside the effect, and use that variable in the cleanup 
function.  react-hooks/exhaustive-deps
579:6  Warning: React Hook useEffect has missing dependencies: 'addErrorMessage' and 
'resetCheck'. Either include them or remove the dependency array.  react-hooks/exhaustive-deps

./src/app/signin/face-scan/page.tsx
5:13  Warning: 'tf' is defined but never used.  @typescript-eslint/no-unused-vars
38:9  Warning: 'router' is assigned a value but never used.  @typescript-eslint/no-unused-vars
54:10  Warning: 'detectionRunning' is assigned a value but never used.  
@typescript-eslint/no-unused-vars
358:5  Warning: React Hook useCallback has missing dependencies: 'addErrorMessage', 
'resetCheck', and 'setSuccessMsg'. Either include them or remove the dependency array.  
react-hooks/exhaustive-deps
572:30  Warning: The ref value 'videoRef.current' will likely have changed by the time this 
effect cleanup function runs. If this ref points to a node rendered by React, copy 
'videoRef.current' to a variable inside the effect, and use that variable in the cleanup 
function.  react-hooks/exhaustive-deps
577:6  Warning: React Hook useEffect has missing dependencies: 'addErrorMessage' and 
'resetCheck'. Either include them or remove the dependency array.  react-hooks/exhaustive-deps

./src/app/signin/face-scan-vote/page-original.tsx
5:18  Warning: 'tf' is defined but never used.  @typescript-eslint/no-unused-vars
347:5  Warning: React Hook useCallback has missing dependencies: 'addErrorMessage', 
'resetCheck', and 'setSuccessMsg'. Either include them or remove the dependency array.  
react-hooks/exhaustive-deps
538:6  Warning: React Hook useEffect has missing dependencies: 'addErrorMessage' and 
'resetCheck'. Either include them or remove the dependency array.  react-hooks/exhaustive-deps

./src/app/signin/face-scan-vote/page.tsx
348:5  Warning: React Hook useCallback has missing dependencies: 'addErrorMessage', 
'resetCheck', and 'setSuccessMsg'. Either include them or remove the dependency array.  
react-hooks/exhaustive-deps
545:6  Warning: React Hook useEffect has missing dependencies: 'addErrorMessage' and 
'resetCheck'. Either include them or remove the dependency array.  react-hooks/exhaustive-deps

./src/app/signin/login/forgot-password/page.tsx
38:14  Warning: 'err' is defined but never used.  @typescript-eslint/no-unused-vars

./src/app/signin/login/page.tsx
11:9  Warning: 'router' is assigned a value but never used.  @typescript-eslint/no-unused-vars

./src/app/signin/login/reset-password/[token]/page.tsx
88:14  Warning: 'err' is defined but never used.  @typescript-eslint/no-unused-vars

./src/app/signin/verify-otp/page.tsx
9:9  Warning: 'router' is assigned a value but never used.  @typescript-eslint/no-unused-vars
22:10  Warning: 'userId' is assigned a value but never used.  @typescript-eslint/no-unused-vars

./src/components/partials/Header.tsx
18:9  Warning: 'router' is assigned a value but never used.  @typescript-eslint/no-unused-vars
64:18  Warning: 'decodeError' is defined but never used.  @typescript-eslint/no-unused-vars
100:16  Warning: 'err' is defined but never used.  @typescript-eslint/no-unused-vars

./src/lib/faceEvents.ts
144:5  Warning: Unused eslint-disable directive (no problems were reported from 'no-console').

./src/lib/initAdmin.ts
30:21  Warning: 'newUser' is assigned a value but never used.  
@typescript-eslint/no-unused-vars

./src/lib/redis.ts
17:5  Warning: Unused eslint-disable directive (no problems were reported from 'no-console').

./src/lib/useBfcacheReload.tsx
9:7  Warning: Unused eslint-disable directive (no problems were reported from 'no-console').
20:7  Warning: Unused eslint-disable directive (no problems were reported from 'no-console').

./src/lib/video/draw.ts
68:25  Warning: 'dx' is assigned a value but never used.  @typescript-eslint/no-unused-vars
68:29  Warning: 'dy' is assigned a value but never used.  @typescript-eslint/no-unused-vars

info  - Need to disable some ESLint rules? Learn more here: 
https://nextjs.org/docs/app/api-reference/config/eslint#disabling-rules
